// Jest Snapshot v1, https://goo.gl/fbAQLP

exports[`Check functionality of Calculator Component renders correctly 1`] = `
<div
  className="calculator-container"
>
  <p>
    Let's Do Some Maths!
  </p>
  <div
    className="calculator-div"
  >
    <div
      className="display-div"
    >
      0
    </div>
    <div
      className="button-grid"
    >
      <button
        className=""
        onClick={[Function]}
        type="button"
      >
        AC
      </button>
      <button
        className=""
        onClick={[Function]}
        type="button"
      >
        +/-
      </button>
      <button
        className=""
        onClick={[Function]}
        type="button"
      >
        %
      </button>
      <button
        className="orange-background"
        onClick={[Function]}
        type="button"
      >
        รท
      </button>
      <button
        className=""
        onClick={[Function]}
        type="button"
      >
        7
      </button>
      <button
        className=""
        onClick={[Function]}
        type="button"
      >
        8
      </button>
      <button
        className=""
        onClick={[Function]}
        type="button"
      >
        9
      </button>
      <button
        className="orange-background"
        onClick={[Function]}
        type="button"
      >
        ร
      </button>
      <button
        className=""
        onClick={[Function]}
        type="button"
      >
        4
      </button>
      <button
        className=""
        onClick={[Function]}
        type="button"
      >
        5
      </button>
      <button
        className=""
        onClick={[Function]}
        type="button"
      >
        6
      </button>
      <button
        className="orange-background"
        onClick={[Function]}
        type="button"
      >
        -
      </button>
      <button
        className=""
        onClick={[Function]}
        type="button"
      >
        1
      </button>
      <button
        className=""
        onClick={[Function]}
        type="button"
      >
        2
      </button>
      <button
        className=""
        onClick={[Function]}
        type="button"
      >
        3
      </button>
      <button
        className="orange-background"
        onClick={[Function]}
        type="button"
      >
        +
      </button>
      <button
        className="zero"
        onClick={[Function]}
        type="button"
      >
        0
      </button>
      <button
        className=""
        onClick={[Function]}
        type="button"
      >
        .
      </button>
      <button
        className="orange-background"
        onClick={[Function]}
        type="button"
      >
        =
      </button>
    </div>
  </div>
</div>
`;
