// Jest Snapshot v1, https://goo.gl/fbAQLP

exports[`Navigation Links Tests renders correctly 1`] = `
<div
  className="navbar"
>
  <h1>
    Math Magicians
  </h1>
  <ul>
    <li>
      <a
        aria-current="page"
        className="nav-link"
        href="/"
        onClick={[Function]}
        style={Object {}}
      >
        Home
      </a>
    </li>
    <li>
      <a
        aria-current={null}
        href="/calculator"
        onClick={[Function]}
      >
        Calculator
      </a>
    </li>
    <li>
      <a
        aria-current={null}
        href="/quotes"
        onClick={[Function]}
      >
        Quotes
      </a>
    </li>
  </ul>
</div>
`;
